// Jest Snapshot v1, https://goo.gl/fbAQLP

exports[`App component should be render correctly 1`] = `
<Fragment>
  <ErrorBoundary>
    <Header
      onSearch={[Function]}
    />
    <MainPage
      search=""
    />
    <Footer />
  </ErrorBoundary>
</Fragment>
`;
