// Jest Snapshot v1, https://goo.gl/fbAQLP

exports[`Copyright component should be render correctly 1`] = `
<div
  style={
    Object {
      "margin": "10px 0px 0px 20px",
    }
  }
>
  netflixroulette
</div>
`;
