// Jest Snapshot v1, https://goo.gl/fbAQLP

exports[`Results component should be render correctly 1`] = `
<div
  className="results"
>
  <div
    className="resultsContainer"
  >
    <div
      className="resultsInfo"
    />
    <div
      className="resultsSort"
    >
      Sort by
    </div>
  </div>
</div>
`;
