// Jest Snapshot v1, https://goo.gl/fbAQLP

exports[`Main Page component should be render correctly 1`] = `
<div
  className="container"
/>
`;
